usage: my_server.py [-h] [--port PORT] [--loglevel LOGLEVEL]
                    [--configfile CONFIGFILE]

MyServer - a trivial HTTP server used to illustrate how to test a server with
PySys.

optional arguments:
  -h, --help            show this help message and exit
  --port PORT           The port to listen on
  --loglevel LOGLEVEL   The log level e.g. INFO/DEBUG
  --configfile CONFIGFILE
                        The JSON configuration file for this server
